{
  "name": "complex_package",
  "type": "PACKAGE",
  "children": [
    {
      "name": "MAX_VALUE",
      "type": "CONSTANT"
    },
    {
      "name": "t_employee",
      "type": "TYPE"
    },
    {
      "name": "t_employee_tab",
      "type": "TYPE"
    },
    {
      "name": "invalid_value",
      "type": "EXCEPTION"
    },
    {
      "name": "calculate_bonus",
      "type": "FUNCTION"
    },
    {
      "name": "process_employees",
      "type": "PROCEDURE"
    },
    {
      "name": "format_name",
      "type": "FUNCTION"
    }
  ]
}
