{
  "name": "complex_package",
  "type": "PACKAGE_BODY",
  "children": [
    {
      "name": "calculate_bonus",
      "type": "FUNCTION",
      "children": [
        {
          "name": "validate_factor",
          "type": "FUNCTION",
          "children": [
            {
              "name": "BEGIN",
              "type": "BLOCK"
            }
          ]
        },
        {
          "name": "BEGIN",
          "type": "BLOCK"
        }
      ]
    },
    {
      "name": "process_employees",
      "type": "PROCEDURE",
      "children": [
        {
          "name": "update_salary",
          "type": "PROCEDURE",
          "children": [
            {
              "name": "BEGIN",
              "type": "BLOCK"
            }
          ]
        },
        {
          "name": "BEGIN",
          "type": "BLOCK"
        }
      ]
    },
    {
      "name": "format_name",
      "type": "FUNCTION",
      "children": [
        {
          "name": "capitalize",
          "type": "FUNCTION",
          "children": [
            {
              "name": "BEGIN",
              "type": "BLOCK"
            }
          ]
        },
        {
          "name": "DECLARE (嵌套块)",
          "type": "DECLARE"
        },
        {
          "name": "BEGIN",
          "type": "BLOCK"
        },
        {
          "name": "EXCEPTION",
          "type": "EXCEPTION"
        }
      ]
    }
  ]
}
