{
  "name": "edge_case_procedure",
  "type": "PROCEDURE",
  "children": [
    {
      "name": "simple_end",
      "type": "PROCEDURE",
      "children": [
        {
          "name": "BEGIN",
          "type": "BLOCK"
        }
      ]
    },
    {
      "name": "func_with_named_end",
      "type": "FUNCTION",
      "children": [
        {
          "name": "BEGIN",
          "type": "BLOCK"
        }
      ]
    },
    {
      "name": "mixed_end",
      "type": "PROCEDURE",
      "children": [
        {
          "name": "inner_func",
          "type": "FUNCTION",
          "children": [
            {
              "name": "BEGIN",
              "type": "BLOCK"
            }
          ]
        },
        {
          "name": "inner_proc",
          "type": "PROCEDURE",
          "children": [
            {
              "name": "BEGIN",
              "type": "BLOCK"
            }
          ]
        },
        {
          "name": "BEGIN",
          "type": "BLOCK",
          "children": [
            {
              "name": "DECLARE",
              "type": "DECLARE"
            },
            {
              "name": "BEGIN",
              "type": "BLOCK"
            }
          ]
        }
      ]
    },
    {
      "name": "BEGIN",
      "type": "BLOCK",
      "children": [
        {
          "name": "DECLARE",
          "type": "DECLARE"
        },
        {
          "name": "BEGIN",
          "type": "BLOCK",
          "children": [
            {
              "name": "BEGIN (异常测试块)",
              "type": "BLOCK"
            },
            {
              "name": "EXCEPTION",
              "type": "EXCEPTION"
            }
          ]
        }
      ]
    },
    {
      "name": "EXCEPTION",
      "type": "EXCEPTION"
    }
  ]
}
