{
  "nodes": [
    {
      "label": "edge_case_procedure",
      "type": "procedure",
      "icon": "symbol-method",
      "children": [
        {
          "label": "simple_end",
          "type": "procedure",
          "icon": "symbol-method",
          "children": [
            {
              "label": "BEGIN",
              "type": "begin",
              "icon": "symbol-namespace",
              "children": [],
              "range": {
                "startLine": 6,
                "endLine": 8
              }
            }
          ],
          "range": {
            "startLine": 5,
            "endLine": 8
          }
        },
        {
          "label": "func_with_named_end",
          "type": "function",
          "icon": "symbol-function",
          "children": [
            {
              "label": "BEGIN",
              "type": "begin",
              "icon": "symbol-namespace",
              "children": [],
              "range": {
                "startLine": 12,
                "endLine": 12
              }
            }
          ],
          "range": {
            "startLine": 11,
            "endLine": 14
          }
        },
        {
          "label": "mixed_end",
          "type": "procedure",
          "icon": "symbol-method",
          "children": [
            {
              "label": "inner_func",
              "type": "function",
              "icon": "symbol-function",
              "children": [
                {
                  "label": "BEGIN",
                  "type": "begin",
                  "icon": "symbol-namespace",
                  "children": [],
                  "range": {
                    "startLine": 19,
                    "endLine": 19
                  }
                }
              ],
              "range": {
                "startLine": 18,
                "endLine": 21
              }
            },
            {
              "label": "inner_proc",
              "type": "procedure",
              "icon": "symbol-method",
              "children": [
                {
                  "label": "BEGIN",
                  "type": "begin",
                  "icon": "symbol-namespace",
                  "children": [],
                  "range": {
                    "startLine": 24,
                    "endLine": 26
                  }
                }
              ],
              "range": {
                "startLine": 23,
                "endLine": 26
              }
            },
            {
              "label": "BEGIN",
              "type": "begin",
              "icon": "symbol-namespace",
              "children": [
                {
                  "label": "DECLARE",
                  "type": "declare",
                  "icon": "symbol-variable",
                  "children": [
                    {
                      "label": "BEGIN",
                      "type": "begin",
                      "icon": "symbol-namespace",
                      "children": [],
                      "range": {
                        "startLine": 30,
                        "endLine": 33
                      }
                    }
                  ],
                  "range": {
                    "startLine": 28,
                    "endLine": 28
                  }
                }
              ],
              "range": {
                "startLine": 27,
                "endLine": 27
              }
            }
          ],
          "range": {
            "startLine": 17,
            "endLine": 34
          }
        },
        {
          "label": "BEGIN",
          "type": "begin",
          "icon": "symbol-namespace",
          "children": [
            {
              "label": "DECLARE",
              "type": "declare",
              "icon": "symbol-variable",
              "children": [
                {
                  "label": "BEGIN",
                  "type": "begin",
                  "icon": "symbol-namespace",
                  "children": [
                    {
                      "label": "BEGIN",
                      "type": "begin",
                      "icon": "symbol-namespace",
                      "children": [],
                      "range": {
                        "startLine": 55,
                        "endLine": 61
                      }
                    },
                    {
                      "label": "EXCEPTION",
                      "type": "exception",
                      "icon": "error",
                      "children": [],
                      "range": {
                        "startLine": 64,
                        "endLine": 64
                      }
                    }
                  ],
                  "range": {
                    "startLine": 49,
                    "endLine": 49
                  }
                }
              ],
              "range": {
                "startLine": 47,
                "endLine": 47
              }
            }
          ],
          "range": {
            "startLine": 45,
            "endLine": 45
          }
        },
        {
          "label": "EXCEPTION",
          "type": "exception",
          "icon": "error",
          "children": [],
          "range": {
            "startLine": 57,
            "endLine": 60
          }
        }
      ],
      "range": {
        "startLine": 1,
        "endLine": 60
      }
    }
  ],
  "errors": []
}