{
  "name": "long_procedure",
  "type": "PROCEDURE",
  "children": [
    {
      "name": "factorial",
      "type": "FUNCTION",
      "children": [
        {
          "name": "BEGIN",
          "type": "BLOCK"
        }
      ]
    },
    {
      "name": "print_stars",
      "type": "PROCEDURE",
      "children": [
        {
          "name": "BEGIN",
          "type": "BLOCK"
        }
      ]
    },
    {
      "name": "BEGIN (主执行块)",
      "type": "BLOCK",
      "children": [
        {
          "name": "DECLARE (嵌套块1)",
          "type": "DECLARE"
        },
        {
          "name": "BEGIN (嵌套块1执行体)",
          "type": "BLOCK",
          "children": [
            {
              "name": "DECLARE (内层嵌套)",
              "type": "DECLARE"
            },
            {
              "name": "BEGIN (内层执行体)",
              "type": "BLOCK"
            }
          ]
        },
        {
          "name": "EXCEPTION (嵌套块1异常)",
          "type": "EXCEPTION"
        },
        {
          "name": "BEGIN (嵌套块2)",
          "type": "BLOCK"
        }
      ]
    },
    {
      "name": "EXCEPTION (主块异常)",
      "type": "EXCEPTION"
    }
  ]
}
