{
  "name": "level1_function",
  "type": "FUNCTION",
  "children": [
    {
      "name": "level2_function",
      "type": "FUNCTION",
      "children": [
        {
          "name": "level3_function",
          "type": "FUNCTION",
          "children": [
            {
              "name": "level4_function",
              "type": "FUNCTION",
              "children": [
                {
                  "name": "BEGIN",
                  "type": "BLOCK"
                }
              ]
            }
          ]
        }
      ]
    },
    {
      "name": "BEGIN",
      "type": "BLOCK"
    }
  ]
}
